// Jest Snapshot v1, https://goo.gl/fbAQLP

exports[`renders correctly 1`] = `
<ul
  className="sc-bdVaJa cvZiGI"
>
  <h1>
    Live Commentary
  </h1>
  <li>
    <div
      className="sc-bxivhb cWrSdf"
    >
      <span
        className="sc-bwzfXH deziww"
      >
        49
      </span>
      <div
        className="sc-htpNat cixthU"
      >
        Ronaldo has been injured! The England team picked him up and threw him into their goal
      </div>
    </div>
  </li>
  <li>
    <div
      className="sc-bxivhb cWrSdf"
    >
      <span
        className="sc-bwzfXH deziww"
      >
        48
      </span>
      <div
        className="sc-htpNat cixthU"
      >
        Kane just hammered a wild shot from range well off target
      </div>
    </div>
  </li>
  <li>
    <div
      className="sc-bxivhb cWrSdf"
    >
      <span
        className="sc-bwzfXH deziww"
      >
        47
      </span>
      <div
        className="sc-htpNat cixthU"
      >
        Now Alli gets a booking
      </div>
    </div>
  </li>
  <li>
    <div
      className="sc-bxivhb cWrSdf"
    >
      <span
        className="sc-bwzfXH deziww"
      >
        44
      </span>
      <div
        className="sc-htpNat cixthU"
      >
        AND THERE IS A GOAL! No mistake from Kane, as he gets back up off the turf to cushion in Trippier's pinpoint cutback
      </div>
    </div>
  </li>
</ul>
`;
