// Jest Snapshot v1, https://goo.gl/fbAQLP

exports[`renders correctly 1`] = `
<ul
  className="sc-bdVaJa kiuZdy"
>
  <li>
    ndsjfsdkjfbkjdsfb
     - 
    0
  </li>
  <li>
    sdfkhksdjfhf
     - 
    1
  </li>
  <li>
    fhdskhfsdfhjsdhfjksdhfjsfadk
     - 
    2
  </li>
  <li>
    fjsdfsdkfsdaklfhsdkajfhsdfldsfhiuwreirr
     - 
    3
  </li>
</ul>
`;
